2025-04-04 06:22:58.723575 - Received CBT.V508.FILE229.PDS from FILE229.XMI 
2025-04-04 06:22:58.726074 - Found $$$$READ.txt (text/plain) in CBT.V508.FILE229.PDS, moved to PDS/$$$$READ
2025-04-04 06:22:58.726251 - Found $$$$VERS.txt (text/plain) in CBT.V508.FILE229.PDS, moved to PDS/$$$$VERS
2025-04-04 06:22:58.726389 - Found $$$#DATE.txt (text/plain) in CBT.V508.FILE229.PDS, moved to PDS/$$$#DATE
2025-04-04 06:22:58.726540 - Found $$PARMS.txt (text/plain) in CBT.V508.FILE229.PDS, moved to PDS/$$PARMS
2025-04-04 06:22:58.726673 - Found $$PARMS1.txt (text/plain) in CBT.V508.FILE229.PDS, moved to PDS/$$PARMS1
2025-04-04 06:22:58.726792 - Found $$PARMS2.txt (text/plain) in CBT.V508.FILE229.PDS, moved to PDS/$$PARMS2
2025-04-04 06:22:58.726924 - Found $$TAPLBL.txt (text/plain) in CBT.V508.FILE229.PDS, moved to PDS/$$TAPLBL
2025-04-04 06:22:58.727039 - Found $BUGS.txt (text/plain) in CBT.V508.FILE229.PDS, moved to PDS/$BUGS
2025-04-04 06:22:58.727154 - Found $COPLADD.jcl (text/plain) in CBT.V508.FILE229.PDS, moved to PDS/$COPLADD
2025-04-04 06:22:58.727273 - Found $COPLAD1.jcl (text/plain) in CBT.V508.FILE229.PDS, moved to PDS/$COPLAD1
2025-04-04 06:22:58.727391 - Found $COPLDMP.jcl (text/plain) in CBT.V508.FILE229.PDS, moved to PDS/$COPLDMP
2025-04-04 06:22:58.727505 - Found $COPLDM1.jcl (text/plain) in CBT.V508.FILE229.PDS, moved to PDS/$COPLDM1
2025-04-04 06:22:58.727637 - Found $COPYMO1.jcl (text/plain) in CBT.V508.FILE229.PDS, moved to PDS/$COPYMO1
2025-04-04 06:22:58.727777 - Found $INITVOL.jcl (text/plain) in CBT.V508.FILE229.PDS, moved to PDS/$INITVOL
2025-04-04 06:22:58.727915 - Found $NOTES.txt (text/plain) in CBT.V508.FILE229.PDS, moved to PDS/$NOTES
2025-04-04 06:22:58.728048 - Found $SAMPEXT.txt (text/plain) in CBT.V508.FILE229.PDS, moved to PDS/$SAMPEXT
2025-04-04 06:22:58.728178 - Found $SLDOC.txt (text/plain) in CBT.V508.FILE229.PDS, moved to PDS/$SLDOC
2025-04-04 06:22:58.728333 - Found $SLDOC1.txt (text/plain) in CBT.V508.FILE229.PDS, moved to PDS/$SLDOC1
2025-04-04 06:22:58.728488 - Found $TESTPLN.txt (text/plain) in CBT.V508.FILE229.PDS, moved to PDS/$TESTPLN
2025-04-04 06:22:58.728621 - Found #$MANUAL.jcl (text/plain) in CBT.V508.FILE229.PDS, moved to PDS/#$MANUAL
2025-04-04 06:22:58.728811 - Found #MANUAL.txt (text/plain) in CBT.V508.FILE229.PDS, moved to PDS/#MANUAL
2025-04-04 06:22:58.728956 - Found @FILE229.txt (text/plain) in CBT.V508.FILE229.PDS, moved to PDS/@FILE229
2025-04-04 06:22:58.729099 - Found CKIEBG$$.jcl (text/plain) in CBT.V508.FILE229.PDS, moved to PDS/CKIEBG$$
2025-04-04 06:22:58.729244 - Found CKIEBGE$.jcl (text/plain) in CBT.V508.FILE229.PDS, moved to PDS/CKIEBGE$
2025-04-04 06:22:58.729392 - Found CKIEBGEN.txt (text/plain) in CBT.V508.FILE229.PDS, moved to PDS/CKIEBGEN
2025-04-04 06:22:58.729530 - Found CKIEBG01.jcl (text/plain) in CBT.V508.FILE229.PDS, moved to PDS/CKIEBG01
2025-04-04 06:22:58.729676 - Found CKIEBG06.txt (text/plain) in CBT.V508.FILE229.PDS, moved to PDS/CKIEBG06
2025-04-04 06:22:58.729818 - Found CKIEBG07.txt (text/plain) in CBT.V508.FILE229.PDS, moved to PDS/CKIEBG07
2025-04-04 06:22:58.729948 - Found CKIEBG08.txt (text/plain) in CBT.V508.FILE229.PDS, moved to PDS/CKIEBG08
2025-04-04 06:22:58.730081 - Found COPYFIL$.jcl (text/plain) in CBT.V508.FILE229.PDS, moved to PDS/COPYFIL$
2025-04-04 06:22:58.730223 - Found COPYFIL#.txt (text/plain) in CBT.V508.FILE229.PDS, moved to PDS/COPYFIL#
2025-04-04 06:22:58.730361 - Found COPYFILE.txt (text/plain) in CBT.V508.FILE229.PDS, moved to PDS/COPYFILE
2025-04-04 06:22:58.730516 - Found COPYFILO.txt (text/plain) in CBT.V508.FILE229.PDS, moved to PDS/COPYFILO
2025-04-04 06:22:58.730672 - Found COPYFILP.txt (text/plain) in CBT.V508.FILE229.PDS, moved to PDS/COPYFILP
2025-04-04 06:22:58.730797 - Found COPYFIL1.jcl (text/plain) in CBT.V508.FILE229.PDS, moved to PDS/COPYFIL1
2025-04-04 06:22:58.730935 - Found COPYFIL2.jcl (text/plain) in CBT.V508.FILE229.PDS, moved to PDS/COPYFIL2
2025-04-04 06:22:58.731051 - Found COPYFIL3.jcl (text/plain) in CBT.V508.FILE229.PDS, moved to PDS/COPYFIL3
2025-04-04 06:22:58.731174 - Found COPYMOD$.jcl (text/plain) in CBT.V508.FILE229.PDS, moved to PDS/COPYMOD$
2025-04-04 06:22:58.731287 - Found COPYMOD#.txt (text/plain) in CBT.V508.FILE229.PDS, moved to PDS/COPYMOD#
2025-04-04 06:22:58.731418 - Found COPYMODA.jcl (text/plain) in CBT.V508.FILE229.PDS, moved to PDS/COPYMODA
2025-04-04 06:22:58.731546 - Found COPYMODB.jcl (text/plain) in CBT.V508.FILE229.PDS, moved to PDS/COPYMODB
2025-04-04 06:22:58.731689 - Found COPYMODO.txt (text/plain) in CBT.V508.FILE229.PDS, moved to PDS/COPYMODO
2025-04-04 06:22:58.732001 - Found COPYMODS.txt (text/plain) in CBT.V508.FILE229.PDS, moved to PDS/COPYMODS
2025-04-04 06:22:58.732138 - Found COPYMODT.txt (text/plain) in CBT.V508.FILE229.PDS, moved to PDS/COPYMODT
2025-04-04 06:22:58.732360 - Found COPYMO56.txt (text/plain) in CBT.V508.FILE229.PDS, moved to PDS/COPYMO56
2025-04-04 06:22:58.732632 - Found COPYMO83.txt (text/plain) in CBT.V508.FILE229.PDS, moved to PDS/COPYMO83
2025-04-04 06:22:58.732908 - Found COPYMO84.txt (text/plain) in CBT.V508.FILE229.PDS, moved to PDS/COPYMO84
2025-04-04 06:22:58.733175 - Found COPYMO85.txt (text/plain) in CBT.V508.FILE229.PDS, moved to PDS/COPYMO85
2025-04-04 06:22:58.733471 - Found COPYMO86.txt (text/plain) in CBT.V508.FILE229.PDS, moved to PDS/COPYMO86
2025-04-04 06:22:58.733584 - Found COPYNLN$.jcl (text/plain) in CBT.V508.FILE229.PDS, moved to PDS/COPYNLN$
2025-04-04 06:22:58.733704 - Found COPYNLN#.txt (text/plain) in CBT.V508.FILE229.PDS, moved to PDS/COPYNLN#
2025-04-04 06:22:58.733827 - Found COPYNLNL.txt (text/plain) in CBT.V508.FILE229.PDS, moved to PDS/COPYNLNL
2025-04-04 06:22:58.733955 - Found COPYNLNO.txt (text/plain) in CBT.V508.FILE229.PDS, moved to PDS/COPYNLNO
2025-04-04 06:22:58.734067 - Found COPYSLN$.jcl (text/plain) in CBT.V508.FILE229.PDS, moved to PDS/COPYSLN$
2025-04-04 06:22:58.734182 - Found COPYSLN#.txt (text/plain) in CBT.V508.FILE229.PDS, moved to PDS/COPYSLN#
2025-04-04 06:22:58.734323 - Found COPYSLNL.txt (text/plain) in CBT.V508.FILE229.PDS, moved to PDS/COPYSLNL
2025-04-04 06:22:58.734450 - Found COPYSLNO.txt (text/plain) in CBT.V508.FILE229.PDS, moved to PDS/COPYSLNO
2025-04-04 06:22:58.734559 - Found COPYSLN1.jcl (text/plain) in CBT.V508.FILE229.PDS, moved to PDS/COPYSLN1
2025-04-04 06:22:58.734672 - Found COPYSLN2.jcl (text/plain) in CBT.V508.FILE229.PDS, moved to PDS/COPYSLN2
2025-04-04 06:22:58.734785 - Found COPYSLN3.jcl (text/plain) in CBT.V508.FILE229.PDS, moved to PDS/COPYSLN3
2025-04-04 06:22:58.734903 - Found IEBTBLK.txt (text/plain) in CBT.V508.FILE229.PDS, moved to PDS/IEBTBLK
2025-04-04 06:22:58.735021 - Found IEBTBLK$.jcl (text/plain) in CBT.V508.FILE229.PDS, moved to PDS/IEBTBLK$
2025-04-04 06:22:58.735133 - Found IGG019WD.txt (text/plain) in CBT.V508.FILE229.PDS, moved to PDS/IGG019WD
2025-04-04 06:22:58.735244 - Found IGG019WE.txt (text/plain) in CBT.V508.FILE229.PDS, moved to PDS/IGG019WE
2025-04-04 06:22:58.735352 - Found MSGWRITE.txt (text/plain) in CBT.V508.FILE229.PDS, moved to PDS/MSGWRITE
2025-04-04 06:22:58.735484 - Found MSGZ.txt (text/plain) in CBT.V508.FILE229.PDS, moved to PDS/MSGZ
2025-04-04 06:22:58.735643 - Found PRIME.txt (text/plain) in CBT.V508.FILE229.PDS, moved to PDS/PRIME
2025-04-04 06:22:58.735752 - Found TAPEL.txt (text/plain) in CBT.V508.FILE229.PDS, moved to PDS/TAPEL
2025-04-04 06:22:58.735859 - Found TERME.txt (text/plain) in CBT.V508.FILE229.PDS, moved to PDS/TERME
2025-04-04 06:22:58.735982 - Found TLPRINT.txt (text/plain) in CBT.V508.FILE229.PDS, moved to PDS/TLPRINT
2025-04-04 06:22:58.736099 - Found TLPRNT.txt (text/plain) in CBT.V508.FILE229.PDS, moved to PDS/TLPRNT
